Archive member included to satisfy reference by file (symbol)

c:/ac6/systemworkbench/plugins/fr.ac6.mcu.externaltools.arm-none.win32_1.15.0.201708311556/tools/compiler/bin/../lib/gcc/arm-none-eabi/6.3.1/../../../../arm-none-eabi/lib/thumb/v7e-m/fpv4-sp/hard\libm.a(lib_a-s_cos.o)
                              Application/User/mecanum.o (cos)
c:/ac6/systemworkbench/plugins/fr.ac6.mcu.externaltools.arm-none.win32_1.15.0.201708311556/tools/compiler/bin/../lib/gcc/arm-none-eabi/6.3.1/../../../../arm-none-eabi/lib/thumb/v7e-m/fpv4-sp/hard\libm.a(lib_a-s_sin.o)
                              Application/User/mecanum.o (sin)
c:/ac6/systemworkbench/plugins/fr.ac6.mcu.externaltools.arm-none.win32_1.15.0.201708311556/tools/compiler/bin/../lib/gcc/arm-none-eabi/6.3.1/../../../../arm-none-eabi/lib/thumb/v7e-m/fpv4-sp/hard\libm.a(lib_a-w_atan2.o)
                              Application/User/mecanum.o (atan2)
c:/ac6/systemworkbench/plugins/fr.ac6.mcu.externaltools.arm-none.win32_1.15.0.201708311556/tools/compiler/bin/../lib/gcc/arm-none-eabi/6.3.1/../../../../arm-none-eabi/lib/thumb/v7e-m/fpv4-sp/hard\libm.a(lib_a-e_atan2.o)
                              c:/ac6/systemworkbench/plugins/fr.ac6.mcu.externaltools.arm-none.win32_1.15.0.201708311556/tools/compiler/bin/../lib/gcc/arm-none-eabi/6.3.1/../../../../arm-none-eabi/lib/thumb/v7e-m/fpv4-sp/hard\libm.a(lib_a-w_atan2.o) (__ieee754_atan2)
c:/ac6/systemworkbench/plugins/fr.ac6.mcu.externaltools.arm-none.win32_1.15.0.201708311556/tools/compiler/bin/../lib/gcc/arm-none-eabi/6.3.1/../../../../arm-none-eabi/lib/thumb/v7e-m/fpv4-sp/hard\libm.a(lib_a-e_rem_pio2.o)
                              c:/ac6/systemworkbench/plugins/fr.ac6.mcu.externaltools.arm-none.win32_1.15.0.201708311556/tools/compiler/bin/../lib/gcc/arm-none-eabi/6.3.1/../../../../arm-none-eabi/lib/thumb/v7e-m/fpv4-sp/hard\libm.a(lib_a-s_cos.o) (__ieee754_rem_pio2)
c:/ac6/systemworkbench/plugins/fr.ac6.mcu.externaltools.arm-none.win32_1.15.0.201708311556/tools/compiler/bin/../lib/gcc/arm-none-eabi/6.3.1/../../../../arm-none-eabi/lib/thumb/v7e-m/fpv4-sp/hard\libm.a(lib_a-k_cos.o)
                              c:/ac6/systemworkbench/plugins/fr.ac6.mcu.externaltools.arm-none.win32_1.15.0.201708311556/tools/compiler/bin/../lib/gcc/arm-none-eabi/6.3.1/../../../../arm-none-eabi/lib/thumb/v7e-m/fpv4-sp/hard\libm.a(lib_a-s_cos.o) (__kernel_cos)
c:/ac6/systemworkbench/plugins/fr.ac6.mcu.externaltools.arm-none.win32_1.15.0.201708311556/tools/compiler/bin/../lib/gcc/arm-none-eabi/6.3.1/../../../../arm-none-eabi/lib/thumb/v7e-m/fpv4-sp/hard\libm.a(lib_a-k_rem_pio2.o)
                              c:/ac6/systemworkbench/plugins/fr.ac6.mcu.externaltools.arm-none.win32_1.15.0.201708311556/tools/compiler/bin/../lib/gcc/arm-none-eabi/6.3.1/../../../../arm-none-eabi/lib/thumb/v7e-m/fpv4-sp/hard\libm.a(lib_a-e_rem_pio2.o) (__kernel_rem_pio2)
c:/ac6/systemworkbench/plugins/fr.ac6.mcu.externaltools.arm-none.win32_1.15.0.201708311556/tools/compiler/bin/../lib/gcc/arm-none-eabi/6.3.1/../../../../arm-none-eabi/lib/thumb/v7e-m/fpv4-sp/hard\libm.a(lib_a-k_sin.o)
                              c:/ac6/systemworkbench/plugins/fr.ac6.mcu.externaltools.arm-none.win32_1.15.0.201708311556/tools/compiler/bin/../lib/gcc/arm-none-eabi/6.3.1/../../../../arm-none-eabi/lib/thumb/v7e-m/fpv4-sp/hard\libm.a(lib_a-s_cos.o) (__kernel_sin)
c:/ac6/systemworkbench/plugins/fr.ac6.mcu.externaltools.arm-none.win32_1.15.0.201708311556/tools/compiler/bin/../lib/gcc/arm-none-eabi/6.3.1/../../../../arm-none-eabi/lib/thumb/v7e-m/fpv4-sp/hard\libm.a(lib_a-s_atan.o)
                              c:/ac6/systemworkbench/plugins/fr.ac6.mcu.externaltools.arm-none.win32_1.15.0.201708311556/tools/compiler/bin/../lib/gcc/arm-none-eabi/6.3.1/../../../../arm-none-eabi/lib/thumb/v7e-m/fpv4-sp/hard\libm.a(lib_a-e_atan2.o) (atan)
c:/ac6/systemworkbench/plugins/fr.ac6.mcu.externaltools.arm-none.win32_1.15.0.201708311556/tools/compiler/bin/../lib/gcc/arm-none-eabi/6.3.1/../../../../arm-none-eabi/lib/thumb/v7e-m/fpv4-sp/hard\libm.a(lib_a-s_fabs.o)
                              c:/ac6/systemworkbench/plugins/fr.ac6.mcu.externaltools.arm-none.win32_1.15.0.201708311556/tools/compiler/bin/../lib/gcc/arm-none-eabi/6.3.1/../../../../arm-none-eabi/lib/thumb/v7e-m/fpv4-sp/hard\libm.a(lib_a-e_atan2.o) (fabs)
c:/ac6/systemworkbench/plugins/fr.ac6.mcu.externaltools.arm-none.win32_1.15.0.201708311556/tools/compiler/bin/../lib/gcc/arm-none-eabi/6.3.1/../../../../arm-none-eabi/lib/thumb/v7e-m/fpv4-sp/hard\libm.a(lib_a-s_floor.o)
                              c:/ac6/systemworkbench/plugins/fr.ac6.mcu.externaltools.arm-none.win32_1.15.0.201708311556/tools/compiler/bin/../lib/gcc/arm-none-eabi/6.3.1/../../../../arm-none-eabi/lib/thumb/v7e-m/fpv4-sp/hard\libm.a(lib_a-k_rem_pio2.o) (floor)
[...]
Memory Configuration

Name             Origin             Length             Attributes
RAM              0x20000000         0x00020000         xrw
FLASH            0x08000000         0x00080000         xr
*default*        0x00000000         0xffffffff

Linker script and memory map

LOAD c:/ac6/systemworkbench/plugins/fr.ac6.mcu.externaltools.arm-none.win32_1.15.0.201708311556/tools/compiler/bin/../lib/gcc/arm-none-eabi/6.3.1/thumb/v7e-m/fpv4-sp/hard/crti.o
LOAD c:/ac6/systemworkbench/plugins/fr.ac6.mcu.externaltools.arm-none.win32_1.15.0.201708311556/tools/compiler/bin/../lib/gcc/arm-none-eabi/6.3.1/thumb/v7e-m/fpv4-sp/hard/crtbegin.o
LOAD c:/ac6/systemworkbench/plugins/fr.ac6.mcu.externaltools.arm-none.win32_1.15.0.201708311556/tools/compiler/bin/../lib/gcc/arm-none-eabi/6.3.1/../../../../arm-none-eabi/lib/thumb/v7e-m/fpv4-sp/hard/crt0.o
LOAD Application/SW4STM32/startup_stm32f446xx.o
LOAD Application/User/SBUS.o
LOAD Application/User/gpio.o
LOAD Application/User/main.o
LOAD Application/User/mecanum.o
LOAD Application/User/stm32f4xx_hal_msp.o
LOAD Application/User/stm32f4xx_it.o
LOAD Application/User/tim.o
LOAD Application/User/usart.o
LOAD Application/User/wrapper.o
LOAD Application/User/xprintf.o
LOAD Drivers/CMSIS/system_stm32f4xx.o
LOAD Drivers/STM32F4xx_HAL_Driver/stm32f4xx_hal.o
LOAD Drivers/STM32F4xx_HAL_Driver/stm32f4xx_hal_cortex.o
LOAD Drivers/STM32F4xx_HAL_Driver/stm32f4xx_hal_dma.o
LOAD Drivers/STM32F4xx_HAL_Driver/stm32f4xx_hal_dma_ex.o
LOAD Drivers/STM32F4xx_HAL_Driver/stm32f4xx_hal_flash.o
LOAD Drivers/STM32F4xx_HAL_Driver/stm32f4xx_hal_flash_ex.o
LOAD Drivers/STM32F4xx_HAL_Driver/stm32f4xx_hal_flash_ramfunc.o
LOAD Drivers/STM32F4xx_HAL_Driver/stm32f4xx_hal_gpio.o
LOAD Drivers/STM32F4xx_HAL_Driver/stm32f4xx_hal_pwr.o
LOAD Drivers/STM32F4xx_HAL_Driver/stm32f4xx_hal_pwr_ex.o
LOAD Drivers/STM32F4xx_HAL_Driver/stm32f4xx_hal_rcc.o
LOAD Drivers/STM32F4xx_HAL_Driver/stm32f4xx_hal_rcc_ex.o
LOAD Drivers/STM32F4xx_HAL_Driver/stm32f4xx_hal_tim.o
LOAD Drivers/STM32F4xx_HAL_Driver/stm32f4xx_hal_tim_ex.o
LOAD Drivers/STM32F4xx_HAL_Driver/stm32f4xx_hal_uart.o
LOAD c:/ac6/systemworkbench/plugins/fr.ac6.mcu.externaltools.arm-none.win32_1.15.0.201708311556/tools/compiler/bin/../lib/gcc/arm-none-eabi/6.3.1/../../../../arm-none-eabi/lib/thumb/v7e-m/fpv4-sp/hard\libstdc++_nano.a
LOAD c:/ac6/systemworkbench/plugins/fr.ac6.mcu.externaltools.arm-none.win32_1.15.0.201708311556/tools/compiler/bin/../lib/gcc/arm-none-eabi/6.3.1/../../../../arm-none-eabi/lib/thumb/v7e-m/fpv4-sp/hard\libm.a
START GROUP
LOAD c:/ac6/systemworkbench/plugins/fr.ac6.mcu.externaltools.arm-none.win32_1.15.0.201708311556/tools/compiler/bin/../lib/gcc/arm-none-eabi/6.3.1/thumb/v7e-m/fpv4-sp/hard\libgcc.a
LOAD c:/ac6/systemworkbench/plugins/fr.ac6.mcu.externaltools.arm-none.win32_1.15.0.201708311556/tools/compiler/bin/../lib/gcc/arm-none-eabi/6.3.1/../../../../arm-none-eabi/lib/thumb/v7e-m/fpv4-sp/hard\libc_nano.a
END GROUP
START GROUP
LOAD c:/ac6/systemworkbench/plugins/fr.ac6.mcu.externaltools.arm-none.win32_1.15.0.201708311556/tools/compiler/bin/../lib/gcc/arm-none-eabi/6.3.1/thumb/v7e-m/fpv4-sp/hard\libgcc.a
LOAD c:/ac6/systemworkbench/plugins/fr.ac6.mcu.externaltools.arm-none.win32_1.15.0.201708311556/tools/compiler/bin/../lib/gcc/arm-none-eabi/6.3.1/../../../../arm-none-eabi/lib/thumb/v7e-m/fpv4-sp/hard\libc_nano.a
LOAD c:/ac6/systemworkbench/plugins/fr.ac6.mcu.externaltools.arm-none.win32_1.15.0.201708311556/tools/compiler/bin/../lib/gcc/arm-none-eabi/6.3.1/../../../../arm-none-eabi/lib/thumb/v7e-m/fpv4-sp/hard\libnosys.a
END GROUP
START GROUP
LOAD c:/ac6/systemworkbench/plugins/fr.ac6.mcu.externaltools.arm-none.win32_1.15.0.201708311556/tools/compiler/bin/../lib/gcc/arm-none-eabi/6.3.1/thumb/v7e-m/fpv4-sp/hard\libgcc.a
LOAD c:/ac6/systemworkbench/plugins/fr.ac6.mcu.externaltools.arm-none.win32_1.15.0.201708311556/tools/compiler/bin/../lib/gcc/arm-none-eabi/6.3.1/../../../../arm-none-eabi/lib/thumb/v7e-m/fpv4-sp/hard\libc_nano.a
LOAD c:/ac6/systemworkbench/plugins/fr.ac6.mcu.externaltools.arm-none.win32_1.15.0.201708311556/tools/compiler/bin/../lib/gcc/arm-none-eabi/6.3.1/../../../../arm-none-eabi/lib/thumb/v7e-m/fpv4-sp/hard\libnosys.a
END GROUP
LOAD c:/ac6/systemworkbench/plugins/fr.ac6.mcu.externaltools.arm-none.win32_1.15.0.201708311556/tools/compiler/bin/../lib/gcc/arm-none-eabi/6.3.1/thumb/v7e-m/fpv4-sp/hard/crtend.o
LOAD c:/ac6/systemworkbench/plugins/fr.ac6.mcu.externaltools.arm-none.win32_1.15.0.201708311556/tools/compiler/bin/../lib/gcc/arm-none-eabi/6.3.1/thumb/v7e-m/fpv4-sp/hard/crtn.o
                0x20020000                _estack = 0x20020000
                0x00000200                _Min_Heap_Size = 0x200
                0x00000400                _Min_Stack_Size = 0x400

.isr_vector     0x08000000      0x1c4
                0x08000000                . = ALIGN (0x4)
 *(.isr_vector)
 .isr_vector    0x08000000      0x1c4 Application/SW4STM32/startup_stm32f446xx.o
                0x08000000                g_pfnVectors
                0x080001c4                . = ALIGN (0x4)

.text           0x080001c4     0x26cc
                0x080001c4                . = ALIGN (0x4)
 *(.text)
 .text          0x080001c4       0x6c c:/ac6/systemworkbench/plugins/fr.ac6.mcu.externaltools.arm-none.win32_1.15.0.201708311556/tools/compiler/bin/../lib/gcc/arm-none-eabi/6.3.1/thumb/v7e-m/fpv4-sp/hard/crtbegin.o
 .text          0x08000230       0x30 c:/ac6/systemworkbench/plugins/fr.ac6.mcu.externaltools.arm-none.win32_1.15.0.201708311556/tools/compiler/bin/../lib/gcc/arm-none-eabi/6.3.1/thumb/v7e-m/fpv4-sp/hard\libgcc.a(_aeabi_uldivmod.o)
                0x08000230                __aeabi_uldivmod
 .text          0x08000260        0x4 c:/ac6/systemworkbench/plugins/fr.ac6.mcu.externaltools.arm-none.win32_1.15.0.201708311556/tools/compiler/bin/../lib/gcc/arm-none-eabi/6.3.1/thumb/v7e-m/fpv4-sp/hard\libgcc.a(_clear_cache.o)
                0x08000260                __clear_cache
 .text          0x08000264      0x2dc c:/ac6/systemworkbench/plugins/fr.ac6.mcu.externaltools.arm-none.win32_1.15.0.201708311556/tools/compiler/bin/../lib/gcc/arm-none-eabi/6.3.1/thumb/v7e-m/fpv4-sp/hard\libgcc.a(_udivmoddi4.o)
                0x08000264                __udivmoddi4
 .text          0x08000540        0x4 c:/ac6/systemworkbench/plugins/fr.ac6.mcu.externaltools.arm-none.win32_1.15.0.201708311556/tools/compiler/bin/../lib/gcc/arm-none-eabi/6.3.1/thumb/v7e-m/fpv4-sp/hard\libgcc.a(_dvmd_tls.o)
                0x08000540                __aeabi_idiv0
                0x08000540                __aeabi_ldiv0
 *(.text*)
 .text.Reset_Handler
                0x08000544       0x50 Application/SW4STM32/startup_stm32f446xx.o
                0x08000544                Reset_Handler
 .text.Default_Handler
                0x08000594        0x2 Application/SW4STM32/startup_stm32f446xx.o
                0x08000594                RTC_Alarm_IRQHandler
                0x08000594                EXTI2_IRQHandler
                0x08000594                TIM8_CC_IRQHandler
                0x08000594                DebugMon_Handler
                0x08000594                SPI4_IRQHandler
                0x08000594                TIM1_CC_IRQHandler
                0x08000594                DMA2_Stream5_IRQHandler
                0x08000594                HardFault_Handler
                0x08000594                DMA1_Stream5_IRQHandler
                0x08000594                PVD_IRQHandler
                0x08000594                SDIO_IRQHandler
                0x08000594                TAMP_STAMP_IRQHandler
                0x08000594                PendSV_Handler
                0x08000594                NMI_Handler
                0x08000594                CAN2_RX1_IRQHandler
                0x08000594                EXTI3_IRQHandler
                0x08000594                TIM8_TRG_COM_TIM14_IRQHandler
                0x08000594                TIM1_UP_TIM10_IRQHandler
                0x08000594                TIM8_UP_TIM13_IRQHandler
                0x08000594                I2C3_ER_IRQHandler
                0x08000594                FMPI2C1_Event_IRQHandler
                0x08000594                EXTI0_IRQHandler
                0x08000594                I2C2_EV_IRQHandler
                0x08000594                DMA1_Stream2_IRQHandler
                0x08000594                CAN1_RX0_IRQHandler
                0x08000594                FPU_IRQHandler
                0x08000594                OTG_HS_WKUP_IRQHandler
                0x08000594                UsageFault_Handler
                0x08000594                CAN2_SCE_IRQHandler
                0x08000594                DMA2_Stream2_IRQHandler
                0x08000594                SPI1_IRQHandler
                0x08000594                TIM1_BRK_TIM9_IRQHandler
                0x08000594                DCMI_IRQHandler
                0x08000594                CAN2_RX0_IRQHandler
                0x08000594                DMA2_Stream3_IRQHandler
                0x08000594                SAI2_IRQHandler
                0x08000594                USART6_IRQHandler
                0x08000594                USART3_IRQHandler
                0x08000594                CAN1_RX1_IRQHandler
                0x08000594                UART5_IRQHandler
                0x08000594                DMA2_Stream0_IRQHandler
                0x08000594                TIM4_IRQHandler
                0x08000594                QUADSPI_IRQHandler
                0x08000594                I2C1_EV_IRQHandler
                0x08000594                DMA1_Stream6_IRQHandler
                0x08000594                DMA1_Stream1_IRQHandler
                0x08000594                UART4_IRQHandler
                0x08000594                TIM3_IRQHandler
                0x08000594                RCC_IRQHandler
                0x08000594                TIM8_BRK_TIM12_IRQHandler
                0x08000594                Default_Handler
                0x08000594                CEC_IRQHandler
                0x08000594                EXTI15_10_IRQHandler
                0x08000594                ADC_IRQHandler
                0x08000594                DMA1_Stream7_IRQHandler
                0x08000594                TIM7_IRQHandler
                0x08000594                CAN2_TX_IRQHandler
                0x08000594                TIM5_IRQHandler
                0x08000594                DMA2_Stream7_IRQHandler
                0x08000594                I2C3_EV_IRQHandler
                0x08000594                EXTI9_5_IRQHandler
                0x08000594                RTC_WKUP_IRQHandler
                0x08000594                SPDIF_RX_IRQHandler
                0x08000594                SPI2_IRQHandler
                0x08000594                OTG_HS_EP1_IN_IRQHandler
                0x08000594                MemManage_Handler
                0x08000594                DMA1_Stream0_IRQHandler
                0x08000594                CAN1_TX_IRQHandler
                0x08000594                SVC_Handler
                0x08000594                EXTI4_IRQHandler
                0x08000594                OTG_HS_EP1_OUT_IRQHandler
                0x08000594                WWDG_IRQHandler
                0x08000594                TIM2_IRQHandler
                0x08000594                OTG_FS_WKUP_IRQHandler
                0x08000594                TIM1_TRG_COM_TIM11_IRQHandler
                0x08000594                OTG_HS_IRQHandler
                0x08000594                EXTI1_IRQHandler
                0x08000594                USART2_IRQHandler
                0x08000594                I2C2_ER_IRQHandler
                0x08000594                DMA2_Stream1_IRQHandler
                0x08000594                CAN1_SCE_IRQHandler
                0x08000594                FLASH_IRQHandler
                0x08000594                DMA2_Stream4_IRQHandler
                0x08000594                BusFault_Handler
                0x08000594                OTG_FS_IRQHandler
                0x08000594                SPI3_IRQHandler
                0x08000594                DMA1_Stream4_IRQHandler
                0x08000594                I2C1_ER_IRQHandler
                0x08000594                FMC_IRQHandler
                0x08000594                DMA2_Stream6_IRQHandler
                0x08000594                SAI1_IRQHandler
                0x08000594                DMA1_Stream3_IRQHandler
                0x08000594                FMPI2C1_Error_IRQHandler
 .text._ZN4SBUS14millisCountUp_Ev
                0x08000596        0xc Application/User/SBUS.o
                0x08000596                SBUS::millisCountUp_()
 *fill*         0x080005a2        0x2 
 .text._ZN4SBUS14read_sentence_Ev
                0x080005a4       0x30 Application/User/SBUS.o
                0x080005a4                SBUS::read_sentence_()
 .text._ZN4SBUS12data_to_val_Ev
                0x080005d4      0x136 Application/User/SBUS.o
                0x080005d4                SBUS::data_to_val_()
 *fill*         0x0800070a        0x2 
 .text._ZN4SBUS12center_rangeEv
                0x0800070c       0xb8 Application/User/SBUS.o
                0x0800070c                SBUS::center_range()
 .text._ZN4SBUS4safeEi
                0x080007c4        0xe Application/User/SBUS.o
                0x080007c4                SBUS::safe(int)
 .text._ZN4SBUS6buttonEi
                0x080007d2       0x20 Application/User/SBUS.o
                0x080007d2                SBUS::button(int)
 .text._ZN4SBUS3mapEiiiii
                0x080007f2       0x1c Application/User/SBUS.o
                0x080007f2                SBUS::map(int, int, int, int, int)
 *fill*         0x0800080e        0x2 
 .text._ZN4SBUS12data_encode_Ev
                0x08000810       0xec Application/User/SBUS.o
                0x08000810                SBUS::data_encode_()
 .text._ZN4SBUS7loop_doEPFvvE
                0x080008fc       0x2c Application/User/SBUS.o
                0x080008fc                SBUS::loop_do(void (*)())
 .text.MX_GPIO_Init
                0x08000928       0xa0 Application/User/gpio.o
                0x08000928                MX_GPIO_Init
 .text.get_Dir  0x080009c8       0x66 Application/User/main.o
                0x080009c8                get_Dir
 *fill*         0x08000a2e        0x2 
 .text.printDir
                0x08000a30       0xe4 Application/User/main.o
                0x08000a30                printDir
 .text.do_something.9423
                0x08000b14       0x2a Application/User/main.o
 .text._Error_Handler
                0x08000b3e        0x2 Application/User/main.o
                0x08000b3e                _Error_Handler
 .text.SystemClock_Config
                0x08000b40       0xc4 Application/User/main.o
                0x08000b40                SystemClock_Config
 .text.main     0x08000c04       0x7c Application/User/main.o
                0x08000c04                main
 .text.HAL_MspInit
                0x08000c80       0x5e Application/User/stm32f4xx_hal_msp.o
                0x08000c80                HAL_MspInit
 .text.SysTick_Handler
                0x08000cde        0xc Application/User/stm32f4xx_it.o
                0x08000cde                SysTick_Handler
 *fill*         0x08000cea        0x2 
 .text.USART1_IRQHandler
                0x08000cec       0x10 Application/User/stm32f4xx_it.o
                0x08000cec                USART1_IRQHandler
 .text.TIM6_DAC_IRQHandler
                0x08000cfc       0x14 Application/User/stm32f4xx_it.o
                0x08000cfc                TIM6_DAC_IRQHandler
 .text.MX_TIM6_Init
                0x08000d10       0x54 Application/User/tim.o
                0x08000d10                MX_TIM6_Init
 .text.HAL_TIM_Base_MspInit
                0x08000d64       0x40 Application/User/tim.o
                0x08000d64                HAL_TIM_Base_MspInit
 .text.MX_USART1_UART_Init
                0x08000da4       0x40 Application/User/usart.o
                0x08000da4                MX_USART1_UART_Init
 .text.MX_USART2_UART_Init
                0x08000de4       0x3c Application/User/usart.o
                0x08000de4                MX_USART2_UART_Init
 .text.HAL_UART_MspInit
                0x08000e20       0xa4 Application/User/usart.o
                0x08000e20                HAL_UART_MspInit
 .text._Z41__static_initialization_and_destruction_0ii
                0x08000ec4       0x20 Application/User/wrapper.o
 .text.millisCountUp_
                0x08000ee4       0x10 Application/User/wrapper.o
                0x08000ee4                millisCountUp_
 .text.loop_do  0x08000ef4       0x10 Application/User/wrapper.o
                0x08000ef4                loop_do
 .text._GLOBAL__sub_I_huart_xprintf
                0x08000f04        0xe Application/User/wrapper.o
 *fill*         0x08000f12        0x2 
 .text.uart_getc
                0x08000f14       0x20 Application/User/xprintf.o
                0x08000f14                uart_getc
 .text.uart_putc
                0x08000f34       0x20 Application/User/xprintf.o
                0x08000f34                uart_putc
 .text.xprintfInit
                0x08000f54       0x48 Application/User/xprintf.o
                0x08000f54                xprintfInit
 .text.xputc    0x08000f9c       0x34 Application/User/xprintf.o
                0x08000f9c                xputc
 .text.xputs    0x08000fd0       0x14 Application/User/xprintf.o
                0x08000fd0                xputs
 .text.xvprintf
                0x08000fe4      0x1f4 Application/User/xprintf.o
 .text.xprintf  0x080011d8       0x1c Application/User/xprintf.o
                0x080011d8                xprintf
 .text.SystemInit
                0x080011f4       0x4c Drivers/CMSIS/system_stm32f4xx.o
                0x080011f4                SystemInit
 .text.HAL_InitTick
                0x08001240       0x48 Drivers/STM32F4xx_HAL_Driver/stm32f4xx_hal.o
                0x08001240                HAL_InitTick
 .text.HAL_Init
                0x08001288       0x34 Drivers/STM32F4xx_HAL_Driver/stm32f4xx_hal.o
                0x08001288                HAL_Init
 .text.HAL_IncTick
                0x080012bc       0x18 Drivers/STM32F4xx_HAL_Driver/stm32f4xx_hal.o
                0x080012bc                HAL_IncTick
 .text.HAL_GetTick
                0x080012d4        0xc Drivers/STM32F4xx_HAL_Driver/stm32f4xx_hal.o
                0x080012d4                HAL_GetTick
 .text.HAL_NVIC_SetPriorityGrouping
                0x080012e0       0x24 Drivers/STM32F4xx_HAL_Driver/stm32f4xx_hal_cortex.o
                0x080012e0                HAL_NVIC_SetPriorityGrouping
 .text.HAL_NVIC_SetPriority
                0x08001304       0x64 Drivers/STM32F4xx_HAL_Driver/stm32f4xx_hal_cortex.o
                0x08001304                HAL_NVIC_SetPriority
 .text.HAL_NVIC_EnableIRQ
                0x08001368       0x18 Drivers/STM32F4xx_HAL_Driver/stm32f4xx_hal_cortex.o
                0x08001368                HAL_NVIC_EnableIRQ
 .text.HAL_SYSTICK_Config
                0x08001380       0x2c Drivers/STM32F4xx_HAL_Driver/stm32f4xx_hal_cortex.o
                0x08001380                HAL_SYSTICK_Config
 .text.HAL_SYSTICK_CLKSourceConfig
                0x080013ac       0x20 Drivers/STM32F4xx_HAL_Driver/stm32f4xx_hal_cortex.o
                0x080013ac                HAL_SYSTICK_CLKSourceConfig
 .text.HAL_SYSTICK_Callback
                0x080013cc        0x2 Drivers/STM32F4xx_HAL_Driver/stm32f4xx_hal_cortex.o
                0x080013cc                HAL_SYSTICK_Callback
 .text.HAL_SYSTICK_IRQHandler
                0x080013ce        0x8 Drivers/STM32F4xx_HAL_Driver/stm32f4xx_hal_cortex.o
                0x080013ce                HAL_SYSTICK_IRQHandler
 .text.HAL_DMA_Abort_IT
                0x080013d6       0x26 Drivers/STM32F4xx_HAL_Driver/stm32f4xx_hal_dma.o
                0x080013d6                HAL_DMA_Abort_IT
 .text.HAL_GPIO_Init
                0x080013fc      0x1c4 Drivers/STM32F4xx_HAL_Driver/stm32f4xx_hal_gpio.o
                0x080013fc                HAL_GPIO_Init
 .text.HAL_GPIO_WritePin
                0x080015c0        0xc Drivers/STM32F4xx_HAL_Driver/stm32f4xx_hal_gpio.o
                0x080015c0                HAL_GPIO_WritePin
 .text.HAL_RCC_ClockConfig
                0x080015cc      0x158 Drivers/STM32F4xx_HAL_Driver/stm32f4xx_hal_rcc.o
                0x080015cc                HAL_RCC_ClockConfig
 .text.HAL_RCC_GetHCLKFreq
                0x08001724        0xc Drivers/STM32F4xx_HAL_Driver/stm32f4xx_hal_rcc.o
                0x08001724                HAL_RCC_GetHCLKFreq
 .text.HAL_RCC_GetPCLK1Freq
                0x08001730       0x20 Drivers/STM32F4xx_HAL_Driver/stm32f4xx_hal_rcc.o
                0x08001730                HAL_RCC_GetPCLK1Freq
 .text.HAL_RCC_GetPCLK2Freq
                0x08001750       0x20 Drivers/STM32F4xx_HAL_Driver/stm32f4xx_hal_rcc.o
                0x08001750                HAL_RCC_GetPCLK2Freq
 .text.HAL_RCC_GetSysClockFreq
                0x08001770      0x180 Drivers/STM32F4xx_HAL_Driver/stm32f4xx_hal_rcc_ex.o
                0x08001770                HAL_RCC_GetSysClockFreq
 .text.HAL_RCC_OscConfig
                0x080018f0      0x3c4 Drivers/STM32F4xx_HAL_Driver/stm32f4xx_hal_rcc_ex.o
                0x080018f0                HAL_RCC_OscConfig
 .text.HAL_TIM_Base_Start_IT
                0x08001cb4       0x18 Drivers/STM32F4xx_HAL_Driver/stm32f4xx_hal_tim.o
                0x08001cb4                HAL_TIM_Base_Start_IT
 .text.HAL_TIM_PeriodElapsedCallback
                0x08001ccc        0x2 Drivers/STM32F4xx_HAL_Driver/stm32f4xx_hal_tim.o
                0x08001ccc                HAL_TIM_PeriodElapsedCallback
 .text.HAL_TIM_OC_DelayElapsedCallback
                0x08001cce        0x2 Drivers/STM32F4xx_HAL_Driver/stm32f4xx_hal_tim.o
                0x08001cce                HAL_TIM_OC_DelayElapsedCallback
 .text.HAL_TIM_IC_CaptureCallback
                0x08001cd0        0x2 Drivers/STM32F4xx_HAL_Driver/stm32f4xx_hal_tim.o
                0x08001cd0                HAL_TIM_IC_CaptureCallback
 .text.HAL_TIM_PWM_PulseFinishedCallback
                0x08001cd2        0x2 Drivers/STM32F4xx_HAL_Driver/stm32f4xx_hal_tim.o
                0x08001cd2                HAL_TIM_PWM_PulseFinishedCallback
 .text.HAL_TIM_TriggerCallback
                0x08001cd4        0x2 Drivers/STM32F4xx_HAL_Driver/stm32f4xx_hal_tim.o
                0x08001cd4                HAL_TIM_TriggerCallback
 .text.HAL_TIM_IRQHandler
                0x08001cd6      0x17a Drivers/STM32F4xx_HAL_Driver/stm32f4xx_hal_tim.o
                0x08001cd6                HAL_TIM_IRQHandler
 .text.TIM_Base_SetConfig
                0x08001e50      0x11c Drivers/STM32F4xx_HAL_Driver/stm32f4xx_hal_tim.o
                0x08001e50                TIM_Base_SetConfig
 .text.HAL_TIM_Base_Init
                0x08001f6c       0x32 Drivers/STM32F4xx_HAL_Driver/stm32f4xx_hal_tim.o
                0x08001f6c                HAL_TIM_Base_Init
 .text.HAL_TIMEx_MasterConfigSynchronization
                0x08001f9e       0x52 Drivers/STM32F4xx_HAL_Driver/stm32f4xx_hal_tim_ex.o
                0x08001f9e                HAL_TIMEx_MasterConfigSynchronization
 .text.HAL_TIMEx_CommutationCallback
                0x08001ff0        0x2 Drivers/STM32F4xx_HAL_Driver/stm32f4xx_hal_tim_ex.o
                0x08001ff0                HAL_TIMEx_CommutationCallback
 .text.HAL_TIMEx_BreakCallback
                0x08001ff2        0x2 Drivers/STM32F4xx_HAL_Driver/stm32f4xx_hal_tim_ex.o
                0x08001ff2                HAL_TIMEx_BreakCallback
 .text.UART_EndRxTransfer
                0x08001ff4       0x1c Drivers/STM32F4xx_HAL_Driver/stm32f4xx_hal_uart.o
 .text.UART_Transmit_IT
                0x08002010       0x6a Drivers/STM32F4xx_HAL_Driver/stm32f4xx_hal_uart.o
 *fill*         0x0800207a        0x2 
 .text.UART_SetConfig
                0x0800207c      0x344 Drivers/STM32F4xx_HAL_Driver/stm32f4xx_hal_uart.o
 .text.UART_WaitOnFlagUntilTimeout
                0x080023c0       0x64 Drivers/STM32F4xx_HAL_Driver/stm32f4xx_hal_uart.o
 .text.HAL_UART_Init
                0x08002424       0x5e Drivers/STM32F4xx_HAL_Driver/stm32f4xx_hal_uart.o
                0x08002424                HAL_UART_Init
 .text.HAL_UART_Transmit
                0x08002482       0xe2 Drivers/STM32F4xx_HAL_Driver/stm32f4xx_hal_uart.o
                0x08002482                HAL_UART_Transmit
 .text.HAL_UART_Receive
                0x08002564       0xe6 Drivers/STM32F4xx_HAL_Driver/stm32f4xx_hal_uart.o
                0x08002564                HAL_UART_Receive
 .text.HAL_UART_TxCpltCallback
                0x0800264a        0x2 Drivers/STM32F4xx_HAL_Driver/stm32f4xx_hal_uart.o
                0x0800264a                HAL_UART_TxCpltCallback
 .text.UART_EndTransmit_IT
                0x0800264c       0x1a Drivers/STM32F4xx_HAL_Driver/stm32f4xx_hal_uart.o
 .text.HAL_UART_RxCpltCallback
                0x08002666        0x2 Drivers/STM32F4xx_HAL_Driver/stm32f4xx_hal_uart.o
                0x08002666                HAL_UART_RxCpltCallback
 .text.UART_Receive_IT
                0x08002668       0x94 Drivers/STM32F4xx_HAL_Driver/stm32f4xx_hal_uart.o
 .text.HAL_UART_ErrorCallback
                0x080026fc        0x2 Drivers/STM32F4xx_HAL_Driver/stm32f4xx_hal_uart.o
                0x080026fc                HAL_UART_ErrorCallback
 *fill*         0x080026fe        0x2 
 .text.HAL_UART_IRQHandler
                0x08002700      0x120 Drivers/STM32F4xx_HAL_Driver/stm32f4xx_hal_uart.o
                0x08002700                HAL_UART_IRQHandler
 .text.UART_DMAAbortOnError
                0x08002820       0x10 Drivers/STM32F4xx_HAL_Driver/stm32f4xx_hal_uart.o
 .text.__libc_init_array
                0x08002830       0x48 c:/ac6/systemworkbench/plugins/fr.ac6.mcu.externaltools.arm-none.win32_1.15.0.201708311556/tools/compiler/bin/../lib/gcc/arm-none-eabi/6.3.1/../../../../arm-none-eabi/lib/thumb/v7e-m/fpv4-sp/hard\libc_nano.a(lib_a-init.o)
                0x08002830                __libc_init_array
 *(.glue_7)
 .glue_7        0x08002878        0x0 linker stubs
 *(.glue_7t)
 .glue_7t       0x08002878        0x0 linker stubs
 *(.eh_frame)
 .eh_frame      0x08002878        0x0 c:/ac6/systemworkbench/plugins/fr.ac6.mcu.externaltools.arm-none.win32_1.15.0.201708311556/tools/compiler/bin/../lib/gcc/arm-none-eabi/6.3.1/thumb/v7e-m/fpv4-sp/hard/crtbegin.o
 *(.init)
 .init          0x08002878        0x4 c:/ac6/systemworkbench/plugins/fr.ac6.mcu.externaltools.arm-none.win32_1.15.0.201708311556/tools/compiler/bin/../lib/gcc/arm-none-eabi/6.3.1/thumb/v7e-m/fpv4-sp/hard/crti.o
                0x08002878                _init
 .init          0x0800287c        0x8 c:/ac6/systemworkbench/plugins/fr.ac6.mcu.externaltools.arm-none.win32_1.15.0.201708311556/tools/compiler/bin/../lib/gcc/arm-none-eabi/6.3.1/thumb/v7e-m/fpv4-sp/hard/crtn.o
 *(.fini)
 .fini          0x08002884        0x4 c:/ac6/systemworkbench/plugins/fr.ac6.mcu.externaltools.arm-none.win32_1.15.0.201708311556/tools/compiler/bin/../lib/gcc/arm-none-eabi/6.3.1/thumb/v7e-m/fpv4-sp/hard/crti.o
                0x08002884                _fini
 .fini          0x08002888        0x8 c:/ac6/systemworkbench/plugins/fr.ac6.mcu.externaltools.arm-none.win32_1.15.0.201708311556/tools/compiler/bin/../lib/gcc/arm-none-eabi/6.3.1/thumb/v7e-m/fpv4-sp/hard/crtn.o
                0x08002890                . = ALIGN (0x4)
                0x08002890                _etext = .

.vfp11_veneer   0x08002890        0x0
 .vfp11_veneer  0x08002890        0x0 linker stubs

.v4_bx          0x08002890        0x0
 .v4_bx         0x08002890        0x0 linker stubs

.iplt           0x08002890        0x0
 .iplt          0x08002890        0x0 c:/ac6/systemworkbench/plugins/fr.ac6.mcu.externaltools.arm-none.win32_1.15.0.201708311556/tools/compiler/bin/../lib/gcc/arm-none-eabi/6.3.1/thumb/v7e-m/fpv4-sp/hard/crtbegin.o

.rodata         0x08002890      0x10c
                0x08002890                . = ALIGN (0x4)
 *(.rodata)
 .rodata        0x08002890       0x10 Application/User/main.o
 .rodata        0x080028a0       0x18 Drivers/CMSIS/system_stm32f4xx.o
                0x080028a0                AHBPrescTable
                0x080028b0                APBPrescTable
 *(.rodata*)
 .rodata.str1.4
                0x080028b8       0x52 Application/User/main.o
 *fill*         0x0800290a        0x2 
 .rodata.str1.4
                0x0800290c       0x45 Application/User/tim.o
 *fill*         0x08002951        0x3 
 .rodata.str1.4
                0x08002954       0x48 Application/User/usart.o
                                 0x47 (size before relaxing)
                0x0800299c                . = ALIGN (0x4)

.ARM.extab
 *(.ARM.extab* .gnu.linkonce.armextab.*)

.ARM            0x0800299c        0x8
                0x0800299c                __exidx_start = .
 *(.ARM.exidx*)
 .ARM.exidx     0x0800299c        0x8 c:/ac6/systemworkbench/plugins/fr.ac6.mcu.externaltools.arm-none.win32_1.15.0.201708311556/tools/compiler/bin/../lib/gcc/arm-none-eabi/6.3.1/thumb/v7e-m/fpv4-sp/hard\libgcc.a(_udivmoddi4.o)
                0x080029a4                __exidx_end = .

.rel.dyn        0x080029a4        0x0
 .rel.iplt      0x080029a4        0x0 c:/ac6/systemworkbench/plugins/fr.ac6.mcu.externaltools.arm-none.win32_1.15.0.201708311556/tools/compiler/bin/../lib/gcc/arm-none-eabi/6.3.1/thumb/v7e-m/fpv4-sp/hard/crtbegin.o

.preinit_array  0x080029a4        0x0
                0x080029a4                PROVIDE (__preinit_array_start, .)
 *(.preinit_array*)
                0x080029a4                PROVIDE (__preinit_array_end, .)

.init_array     0x080029a4        0x8
                0x080029a4                PROVIDE (__init_array_start, .)
 *(SORT(.init_array.*))
 *(.init_array*)
 .init_array    0x080029a4        0x4 c:/ac6/systemworkbench/plugins/fr.ac6.mcu.externaltools.arm-none.win32_1.15.0.201708311556/tools/compiler/bin/../lib/gcc/arm-none-eabi/6.3.1/thumb/v7e-m/fpv4-sp/hard/crtbegin.o
 .init_array    0x080029a8        0x4 Application/User/wrapper.o
                0x080029ac                PROVIDE (__init_array_end, .)

.fini_array     0x080029ac        0x4
                [!provide]                PROVIDE (__fini_array_start, .)
 *(SORT(.fini_array.*))
 *(.fini_array*)
 .fini_array    0x080029ac        0x4 c:/ac6/systemworkbench/plugins/fr.ac6.mcu.externaltools.arm-none.win32_1.15.0.201708311556/tools/compiler/bin/../lib/gcc/arm-none-eabi/6.3.1/thumb/v7e-m/fpv4-sp/hard/crtbegin.o
                [!provide]                PROVIDE (__fini_array_end, .)
                0x080029b0                _sidata = LOADADDR (.data)

.data           0x20000000        0xc load address 0x080029b0
                0x20000000                . = ALIGN (0x4)
                0x20000000                _sdata = .
 *(.data)
 .data          0x20000000        0x4 Drivers/CMSIS/system_stm32f4xx.o
                0x20000000                SystemCoreClock
 .data          0x20000004        0x8 Drivers/STM32F4xx_HAL_Driver/stm32f4xx_hal.o
                0x20000004                uwTickFreq
                0x20000008                uwTickPrio
 *(.data*)
                0x2000000c                . = ALIGN (0x4)
                0x2000000c                _edata = .

.jcr            0x2000000c        0x0 load address 0x080029bc
 .jcr           0x2000000c        0x0 c:/ac6/systemworkbench/plugins/fr.ac6.mcu.externaltools.arm-none.win32_1.15.0.201708311556/tools/compiler/bin/../lib/gcc/arm-none-eabi/6.3.1/thumb/v7e-m/fpv4-sp/hard/crtbegin.o

.igot.plt       0x2000000c        0x0 load address 0x080029bc
 .igot.plt      0x2000000c        0x0 c:/ac6/systemworkbench/plugins/fr.ac6.mcu.externaltools.arm-none.win32_1.15.0.201708311556/tools/compiler/bin/../lib/gcc/arm-none-eabi/6.3.1/thumb/v7e-m/fpv4-sp/hard/crtbegin.o
                0x2000000c                . = ALIGN (0x4)

.bss            0x2000000c      0x230 load address 0x080029bc
                0x2000000c                _sbss = .
                0x2000000c                __bss_start__ = _sbss
 *(.bss)
 .bss           0x2000000c       0x1c c:/ac6/systemworkbench/plugins/fr.ac6.mcu.externaltools.arm-none.win32_1.15.0.201708311556/tools/compiler/bin/../lib/gcc/arm-none-eabi/6.3.1/thumb/v7e-m/fpv4-sp/hard/crtbegin.o
 .bss           0x20000028       0x6c Application/User/SBUS.o
                0x20000028                point1
                0x2000002c                test_send_data_
                0x20000054                huart_xprintf
 .bss           0x20000094       0xdc Application/User/wrapper.o
                0x20000094                instance
 .bss           0x20000170        0x4 Application/User/xprintf.o
 *(.bss*)
 *(COMMON)
 COMMON         0x20000174       0x3c Application/User/tim.o
                0x20000174                htim6
 COMMON         0x200001b0       0x80 Application/User/usart.o
                0x200001b0                huart1
                0x200001f0                huart2
 COMMON         0x20000230        0x8 Application/User/xprintf.o
                0x20000230                xfunc_in
                0x20000234                xfunc_out
 COMMON         0x20000238        0x4 Drivers/STM32F4xx_HAL_Driver/stm32f4xx_hal.o
                0x20000238                uwTick
                0x2000023c                . = ALIGN (0x4)
                0x2000023c                _ebss = .
                0x2000023c                __bss_end__ = _ebss

._user_heap_stack
                0x2000023c      0x604 load address 0x080029bc
                0x20000240                . = ALIGN (0x8)
 *fill*         0x2000023c        0x4 
                [!provide]                PROVIDE (end, .)
                [!provide]                PROVIDE (_end, .)
                0x20000440                . = (. + _Min_Heap_Size)
 *fill*         0x20000240      0x200 
                0x20000840                . = (. + _Min_Stack_Size)
 *fill*         0x20000440      0x400 
                0x20000840                . = ALIGN (0x8)

/DISCARD/
 libc.a(*)
 libm.a(*)
 libgcc.a(*)

.ARM.attributes
                0x00000000       0x30
 *(.ARM.attributes)
 .ARM.attributes
                0x00000000       0x22 c:/ac6/systemworkbench/plugins/fr.ac6.mcu.externaltools.arm-none.win32_1.15.0.201708311556/tools/compiler/bin/../lib/gcc/arm-none-eabi/6.3.1/thumb/v7e-m/fpv4-sp/hard/crti.o
 .ARM.attributes
                0x00000022       0x34 c:/ac6/systemworkbench/plugins/fr.ac6.mcu.externaltools.arm-none.win32_1.15.0.201708311556/tools/compiler/bin/../lib/gcc/arm-none-eabi/6.3.1/thumb/v7e-m/fpv4-sp/hard/crtbegin.o
 .ARM.attributes
                0x00000056       0x21 Application/SW4STM32/startup_stm32f446xx.o
 .ARM.attributes
                0x00000077       0x39 Application/User/SBUS.o
 .ARM.attributes
                0x000000b0       0x39 Application/User/gpio.o
 .ARM.attributes
                0x000000e9       0x39 Application/User/main.o
 .ARM.attributes
                0x00000122       0x39 Application/User/stm32f4xx_hal_msp.o
 .ARM.attributes
                0x0000015b       0x39 Application/User/stm32f4xx_it.o
 .ARM.attributes
                0x00000194       0x39 Application/User/tim.o
 .ARM.attributes
                0x000001cd       0x39 Application/User/usart.o
 .ARM.attributes
                0x00000206       0x39 Application/User/wrapper.o
 .ARM.attributes
                0x0000023f       0x39 Application/User/xprintf.o
 .ARM.attributes
                0x00000278       0x39 Drivers/CMSIS/system_stm32f4xx.o
 .ARM.attributes
                0x000002b1       0x39 Drivers/STM32F4xx_HAL_Driver/stm32f4xx_hal.o
 .ARM.attributes
                0x000002ea       0x39 Drivers/STM32F4xx_HAL_Driver/stm32f4xx_hal_cortex.o
 .ARM.attributes
                0x00000323       0x39 Drivers/STM32F4xx_HAL_Driver/stm32f4xx_hal_dma.o
 .ARM.attributes
                0x0000035c       0x39 Drivers/STM32F4xx_HAL_Driver/stm32f4xx_hal_gpio.o
 .ARM.attributes
                0x00000395       0x39 Drivers/STM32F4xx_HAL_Driver/stm32f4xx_hal_rcc.o
 .ARM.attributes
                0x000003ce       0x39 Drivers/STM32F4xx_HAL_Driver/stm32f4xx_hal_rcc_ex.o
 .ARM.attributes
                0x00000407       0x39 Drivers/STM32F4xx_HAL_Driver/stm32f4xx_hal_tim.o
 .ARM.attributes
                0x00000440       0x39 Drivers/STM32F4xx_HAL_Driver/stm32f4xx_hal_tim_ex.o
 .ARM.attributes
                0x00000479       0x39 Drivers/STM32F4xx_HAL_Driver/stm32f4xx_hal_uart.o
 .ARM.attributes
                0x000004b2       0x22 c:/ac6/systemworkbench/plugins/fr.ac6.mcu.externaltools.arm-none.win32_1.15.0.201708311556/tools/compiler/bin/../lib/gcc/arm-none-eabi/6.3.1/thumb/v7e-m/fpv4-sp/hard\libgcc.a(_aeabi_uldivmod.o)
 .ARM.attributes
                0x000004d4       0x34 c:/ac6/systemworkbench/plugins/fr.ac6.mcu.externaltools.arm-none.win32_1.15.0.201708311556/tools/compiler/bin/../lib/gcc/arm-none-eabi/6.3.1/thumb/v7e-m/fpv4-sp/hard\libgcc.a(_clear_cache.o)
 .ARM.attributes
                0x00000508       0x34 c:/ac6/systemworkbench/plugins/fr.ac6.mcu.externaltools.arm-none.win32_1.15.0.201708311556/tools/compiler/bin/../lib/gcc/arm-none-eabi/6.3.1/thumb/v7e-m/fpv4-sp/hard\libgcc.a(_udivmoddi4.o)
 .ARM.attributes
                0x0000053c       0x22 c:/ac6/systemworkbench/plugins/fr.ac6.mcu.externaltools.arm-none.win32_1.15.0.201708311556/tools/compiler/bin/../lib/gcc/arm-none-eabi/6.3.1/thumb/v7e-m/fpv4-sp/hard\libgcc.a(_dvmd_tls.o)
 .ARM.attributes
                0x0000055e       0x34 c:/ac6/systemworkbench/plugins/fr.ac6.mcu.externaltools.arm-none.win32_1.15.0.201708311556/tools/compiler/bin/../lib/gcc/arm-none-eabi/6.3.1/../../../../arm-none-eabi/lib/thumb/v7e-m/fpv4-sp/hard\libc_nano.a(lib_a-init.o)
 .ARM.attributes
                0x00000592       0x22 c:/ac6/systemworkbench/plugins/fr.ac6.mcu.externaltools.arm-none.win32_1.15.0.201708311556/tools/compiler/bin/../lib/gcc/arm-none-eabi/6.3.1/thumb/v7e-m/fpv4-sp/hard/crtn.o
OUTPUT(sample_SBUS_mecanum.elf elf32-littlearm)

.debug_line     0x00000000     0xdb7b
 .debug_line    0x00000000       0xb8 Application/SW4STM32/startup_stm32f446xx.o
 .debug_line    0x000000b8      0xd8c Application/User/SBUS.o
 .debug_line    0x00000e44      0x848 Application/User/gpio.o
 .debug_line    0x0000168c      0x9c7 Application/User/main.o
 .debug_line    0x00002053      0x844 Application/User/stm32f4xx_hal_msp.o
 .debug_line    0x00002897      0x86e Application/User/stm32f4xx_it.o
 .debug_line    0x00003105      0x86f Application/User/tim.o
 .debug_line    0x00003974      0x8b5 Application/User/usart.o
 .debug_line    0x00004229      0xc7b Application/User/wrapper.o
 .debug_line    0x00004ea4      0xae9 Application/User/xprintf.o
 .debug_line    0x0000598d      0x86f Drivers/CMSIS/system_stm32f4xx.o
 .debug_line    0x000061fc      0xa1f Drivers/STM32F4xx_HAL_Driver/stm32f4xx_hal.o
 .debug_line    0x00006c1b      0xa5b Drivers/STM32F4xx_HAL_Driver/stm32f4xx_hal_cortex.o
 .debug_line    0x00007676      0xb64 Drivers/STM32F4xx_HAL_Driver/stm32f4xx_hal_dma.o
 .debug_line    0x000081da      0x9c5 Drivers/STM32F4xx_HAL_Driver/stm32f4xx_hal_gpio.o
 .debug_line    0x00008b9f      0xaab Drivers/STM32F4xx_HAL_Driver/stm32f4xx_hal_rcc.o
 .debug_line    0x0000964a      0xc7d Drivers/STM32F4xx_HAL_Driver/stm32f4xx_hal_rcc_ex.o
 .debug_line    0x0000a2c7     0x1970 Drivers/STM32F4xx_HAL_Driver/stm32f4xx_hal_tim.o
 .debug_line    0x0000bc37      0xdfb Drivers/STM32F4xx_HAL_Driver/stm32f4xx_hal_tim_ex.o
 .debug_line    0x0000ca32     0x1149 Drivers/STM32F4xx_HAL_Driver/stm32f4xx_hal_uart.o

.debug_info     0x00000000    0x1a8d8
 .debug_info    0x00000000       0xdc Application/SW4STM32/startup_stm32f446xx.o
 .debug_info    0x000000dc     0x1a42 Application/User/SBUS.o
 .debug_info    0x00001b1e      0xd43 Application/User/gpio.o
 .debug_info    0x00002861     0x1c2b Application/User/main.o
 .debug_info    0x0000448c      0xc93 Application/User/stm32f4xx_hal_msp.o
 .debug_info    0x0000511f     0x10d2 Application/User/stm32f4xx_it.o
 .debug_info    0x000061f1     0x1402 Application/User/tim.o
 .debug_info    0x000075f3     0x152a Application/User/usart.o
 .debug_info    0x00008b1d     0x177d Application/User/wrapper.o
 .debug_info    0x0000a29a     0x1559 Application/User/xprintf.o
 .debug_info    0x0000b7f3      0xd64 Drivers/CMSIS/system_stm32f4xx.o
 .debug_info    0x0000c557     0x122e Drivers/STM32F4xx_HAL_Driver/stm32f4xx_hal.o
 .debug_info    0x0000d785     0x1778 Drivers/STM32F4xx_HAL_Driver/stm32f4xx_hal_cortex.o
 .debug_info    0x0000eefd     0x127c Drivers/STM32F4xx_HAL_Driver/stm32f4xx_hal_dma.o
 .debug_info    0x00010179      0xfe5 Drivers/STM32F4xx_HAL_Driver/stm32f4xx_hal_gpio.o
 .debug_info    0x0001115e     0x129f Drivers/STM32F4xx_HAL_Driver/stm32f4xx_hal_rcc.o
 .debug_info    0x000123fd     0x1414 Drivers/STM32F4xx_HAL_Driver/stm32f4xx_hal_rcc_ex.o
 .debug_info    0x00013811     0x3684 Drivers/STM32F4xx_HAL_Driver/stm32f4xx_hal_tim.o
 .debug_info    0x00016e95     0x1b26 Drivers/STM32F4xx_HAL_Driver/stm32f4xx_hal_tim_ex.o
 .debug_info    0x000189bb     0x1f1d Drivers/STM32F4xx_HAL_Driver/stm32f4xx_hal_uart.o

.debug_abbrev   0x00000000     0x3933
 .debug_abbrev  0x00000000       0x12 Application/SW4STM32/startup_stm32f446xx.o
 .debug_abbrev  0x00000012      0x4a3 Application/User/SBUS.o
 .debug_abbrev  0x000004b5      0x229 Application/User/gpio.o
 .debug_abbrev  0x000006de      0x32f Application/User/main.o
 .debug_abbrev  0x00000a0d      0x209 Application/User/stm32f4xx_hal_msp.o
 .debug_abbrev  0x00000c16      0x22e Application/User/stm32f4xx_it.o
 .debug_abbrev  0x00000e44      0x26e Application/User/tim.o
 .debug_abbrev  0x000010b2      0x25f Application/User/usart.o
 .debug_abbrev  0x00001311      0x4d2 Application/User/wrapper.o
 .debug_abbrev  0x000017e3      0x3b5 Application/User/xprintf.o
 .debug_abbrev  0x00001b98      0x205 Drivers/CMSIS/system_stm32f4xx.o
 .debug_abbrev  0x00001d9d      0x2e3 Drivers/STM32F4xx_HAL_Driver/stm32f4xx_hal.o
 .debug_abbrev  0x00002080      0x3d4 Drivers/STM32F4xx_HAL_Driver/stm32f4xx_hal_cortex.o
 .debug_abbrev  0x00002454      0x328 Drivers/STM32F4xx_HAL_Driver/stm32f4xx_hal_dma.o
 .debug_abbrev  0x0000277c      0x2a5 Drivers/STM32F4xx_HAL_Driver/stm32f4xx_hal_gpio.o
 .debug_abbrev  0x00002a21      0x331 Drivers/STM32F4xx_HAL_Driver/stm32f4xx_hal_rcc.o
 .debug_abbrev  0x00002d52      0x2e7 Drivers/STM32F4xx_HAL_Driver/stm32f4xx_hal_rcc_ex.o
 .debug_abbrev  0x00003039      0x2dc Drivers/STM32F4xx_HAL_Driver/stm32f4xx_hal_tim.o
 .debug_abbrev  0x00003315      0x2dc Drivers/STM32F4xx_HAL_Driver/stm32f4xx_hal_tim_ex.o
 .debug_abbrev  0x000035f1      0x342 Drivers/STM32F4xx_HAL_Driver/stm32f4xx_hal_uart.o

.debug_aranges  0x00000000      0xcd8
 .debug_aranges
                0x00000000       0x28 Application/SW4STM32/startup_stm32f446xx.o
 .debug_aranges
                0x00000028       0x90 Application/User/SBUS.o
 .debug_aranges
                0x000000b8       0x20 Application/User/gpio.o
 .debug_aranges
                0x000000d8       0x48 Application/User/main.o
 .debug_aranges
                0x00000120       0x20 Application/User/stm32f4xx_hal_msp.o
 .debug_aranges
                0x00000140       0x30 Application/User/stm32f4xx_it.o
 .debug_aranges
                0x00000170       0x30 Application/User/tim.o
 .debug_aranges
                0x000001a0       0x38 Application/User/usart.o
 .debug_aranges
                0x000001d8       0x60 Application/User/wrapper.o
 .debug_aranges
                0x00000238       0x90 Application/User/xprintf.o
 .debug_aranges
                0x000002c8       0x28 Drivers/CMSIS/system_stm32f4xx.o
 .debug_aranges
                0x000002f0       0xe0 Drivers/STM32F4xx_HAL_Driver/stm32f4xx_hal.o
 .debug_aranges
                0x000003d0       0xa8 Drivers/STM32F4xx_HAL_Driver/stm32f4xx_hal_cortex.o
 .debug_aranges
                0x00000478       0x90 Drivers/STM32F4xx_HAL_Driver/stm32f4xx_hal_dma.o
 .debug_aranges
                0x00000508       0x58 Drivers/STM32F4xx_HAL_Driver/stm32f4xx_hal_gpio.o
 .debug_aranges
                0x00000560       0x88 Drivers/STM32F4xx_HAL_Driver/stm32f4xx_hal_rcc.o
 .debug_aranges
                0x000005e8       0x78 Drivers/STM32F4xx_HAL_Driver/stm32f4xx_hal_rcc_ex.o
 .debug_aranges
                0x00000660      0x368 Drivers/STM32F4xx_HAL_Driver/stm32f4xx_hal_tim.o
 .debug_aranges
                0x000009c8      0x140 Drivers/STM32F4xx_HAL_Driver/stm32f4xx_hal_tim_ex.o
 .debug_aranges
                0x00000b08      0x1d0 Drivers/STM32F4xx_HAL_Driver/stm32f4xx_hal_uart.o

.debug_ranges   0x00000000      0xc30
 .debug_ranges  0x00000000       0x20 Application/SW4STM32/startup_stm32f446xx.o
 .debug_ranges  0x00000020       0x80 Application/User/SBUS.o
 .debug_ranges  0x000000a0       0x10 Application/User/gpio.o
 .debug_ranges  0x000000b0       0x38 Application/User/main.o
 .debug_ranges  0x000000e8       0x10 Application/User/stm32f4xx_hal_msp.o
 .debug_ranges  0x000000f8       0x20 Application/User/stm32f4xx_it.o
 .debug_ranges  0x00000118       0x20 Application/User/tim.o
 .debug_ranges  0x00000138       0x28 Application/User/usart.o
 .debug_ranges  0x00000160       0x50 Application/User/wrapper.o
 .debug_ranges  0x000001b0       0x80 Application/User/xprintf.o
 .debug_ranges  0x00000230       0x18 Drivers/CMSIS/system_stm32f4xx.o
 .debug_ranges  0x00000248       0xd0 Drivers/STM32F4xx_HAL_Driver/stm32f4xx_hal.o
 .debug_ranges  0x00000318       0xf8 Drivers/STM32F4xx_HAL_Driver/stm32f4xx_hal_cortex.o
 .debug_ranges  0x00000410       0x80 Drivers/STM32F4xx_HAL_Driver/stm32f4xx_hal_dma.o
 .debug_ranges  0x00000490       0x48 Drivers/STM32F4xx_HAL_Driver/stm32f4xx_hal_gpio.o
 .debug_ranges  0x000004d8       0x90 Drivers/STM32F4xx_HAL_Driver/stm32f4xx_hal_rcc.o
 .debug_ranges  0x00000568       0x80 Drivers/STM32F4xx_HAL_Driver/stm32f4xx_hal_rcc_ex.o
 .debug_ranges  0x000005e8      0x358 Drivers/STM32F4xx_HAL_Driver/stm32f4xx_hal_tim.o
 .debug_ranges  0x00000940      0x130 Drivers/STM32F4xx_HAL_Driver/stm32f4xx_hal_tim_ex.o
 .debug_ranges  0x00000a70      0x1c0 Drivers/STM32F4xx_HAL_Driver/stm32f4xx_hal_uart.o

.debug_loc      0x00000000     0x8cf9
 .debug_loc     0x00000000      0x321 Application/User/SBUS.o
 .debug_loc     0x00000321       0x5b Application/User/tim.o
 .debug_loc     0x0000037c       0xa6 Application/User/usart.o
 .debug_loc     0x00000422       0x4b Application/User/wrapper.o
 .debug_loc     0x0000046d      0x9b4 Application/User/xprintf.o
 .debug_loc     0x00000e21      0x13e Drivers/CMSIS/system_stm32f4xx.o
 .debug_loc     0x00000f5f      0x108 Drivers/STM32F4xx_HAL_Driver/stm32f4xx_hal.o
 .debug_loc     0x00001067      0x5ce Drivers/STM32F4xx_HAL_Driver/stm32f4xx_hal_cortex.o
 .debug_loc     0x00001635      0xae1 Drivers/STM32F4xx_HAL_Driver/stm32f4xx_hal_dma.o
 .debug_loc     0x00002116      0x414 Drivers/STM32F4xx_HAL_Driver/stm32f4xx_hal_gpio.o
 .debug_loc     0x0000252a      0x3e6 Drivers/STM32F4xx_HAL_Driver/stm32f4xx_hal_rcc.o
 .debug_loc     0x00002910      0xb83 Drivers/STM32F4xx_HAL_Driver/stm32f4xx_hal_rcc_ex.o
 .debug_loc     0x00003493     0x34bc Drivers/STM32F4xx_HAL_Driver/stm32f4xx_hal_tim.o
 .debug_loc     0x0000694f      0xe78 Drivers/STM32F4xx_HAL_Driver/stm32f4xx_hal_tim_ex.o
 .debug_loc     0x000077c7     0x1532 Drivers/STM32F4xx_HAL_Driver/stm32f4xx_hal_uart.o

.debug_macro    0x00000000    0x26852
 .debug_macro   0x00000000      0x3e4 Application/User/SBUS.o
 .debug_macro   0x000003e4      0x98e Application/User/SBUS.o
 .debug_macro   0x00000d72       0x64 Application/User/SBUS.o
 .debug_macro   0x00000dd6      0x180 Application/User/SBUS.o
 .debug_macro   0x00000f56       0x32 Application/User/SBUS.o
 .debug_macro   0x00000f88       0x28 Application/User/SBUS.o
 .debug_macro   0x00000fb0       0x1c Application/User/SBUS.o
 .debug_macro   0x00000fcc       0x22 Application/User/SBUS.o
 .debug_macro   0x00000fee       0x87 Application/User/SBUS.o
 .debug_macro   0x00001075       0x51 Application/User/SBUS.o
 .debug_macro   0x000010c6       0xef Application/User/SBUS.o
 .debug_macro   0x000011b5       0x6a Application/User/SBUS.o
 .debug_macro   0x0000121f      0x1df Application/User/SBUS.o
 .debug_macro   0x000013fe       0x35 Application/User/SBUS.o
 .debug_macro   0x00001433       0x50 Application/User/SBUS.o
 .debug_macro   0x00001483      0xe66 Application/User/SBUS.o
 .debug_macro   0x000022e9    0x16607 Application/User/SBUS.o
 .debug_macro   0x000188f0       0x43 Application/User/SBUS.o
 .debug_macro   0x00018933     0x3535 Application/User/SBUS.o
 .debug_macro   0x0001be68       0x58 Application/User/SBUS.o
 .debug_macro   0x0001bec0       0x35 Application/User/SBUS.o
 .debug_macro   0x0001bef5       0x9c Application/User/SBUS.o
 .debug_macro   0x0001bf91       0x16 Application/User/SBUS.o
 .debug_macro   0x0001bfa7       0x97 Application/User/SBUS.o
 .debug_macro   0x0001c03e      0x353 Application/User/SBUS.o
 .debug_macro   0x0001c391      0x104 Application/User/SBUS.o
 .debug_macro   0x0001c495       0x10 Application/User/SBUS.o
 .debug_macro   0x0001c4a5       0x58 Application/User/SBUS.o
 .debug_macro   0x0001c4fd       0x1f Application/User/SBUS.o
 .debug_macro   0x0001c51c       0x43 Application/User/SBUS.o
 .debug_macro   0x0001c55f       0x20 Application/User/SBUS.o
 .debug_macro   0x0001c57f      0x187 Application/User/SBUS.o
 .debug_macro   0x0001c706       0x10 Application/User/SBUS.o
 .debug_macro   0x0001c716       0x1c Application/User/SBUS.o
 .debug_macro   0x0001c732       0x52 Application/User/SBUS.o
 .debug_macro   0x0001c784       0x40 Application/User/SBUS.o
 .debug_macro   0x0001c7c4       0x10 Application/User/SBUS.o
 .debug_macro   0x0001c7d4       0x40 Application/User/SBUS.o
 .debug_macro   0x0001c814       0xd7 Application/User/SBUS.o
 .debug_macro   0x0001c8eb       0x16 Application/User/SBUS.o
 .debug_macro   0x0001c901      0x18b Application/User/SBUS.o
 .debug_macro   0x0001ca8c       0x50 Application/User/SBUS.o
 .debug_macro   0x0001cadc      0xc90 Application/User/SBUS.o
 .debug_macro   0x0001d76c      0xa02 Application/User/SBUS.o
 .debug_macro   0x0001e16e      0x11e Application/User/SBUS.o
 .debug_macro   0x0001e28c      0x1a0 Application/User/SBUS.o
 .debug_macro   0x0001e42c       0x27 Application/User/SBUS.o
 .debug_macro   0x0001e453      0x287 Application/User/SBUS.o
 .debug_macro   0x0001e6da       0x5f Application/User/SBUS.o
 .debug_macro   0x0001e739      0x23a Application/User/SBUS.o
 .debug_macro   0x0001e973      0x13a Application/User/SBUS.o
 .debug_macro   0x0001eaad      0x29c Application/User/SBUS.o
 .debug_macro   0x0001ed49       0x2e Application/User/SBUS.o
 .debug_macro   0x0001ed77      0x11e Application/User/SBUS.o
 .debug_macro   0x0001ee95       0xe8 Application/User/SBUS.o
 .debug_macro   0x0001ef7d       0x89 Application/User/SBUS.o
 .debug_macro   0x0001f006      0x6e0 Application/User/SBUS.o
 .debug_macro   0x0001f6e6       0x60 Application/User/SBUS.o
 .debug_macro   0x0001f746      0x14d Application/User/SBUS.o
 .debug_macro   0x0001f893      0x287 Application/User/SBUS.o
 .debug_macro   0x0001fb1a      0x12d Application/User/SBUS.o
 .debug_macro   0x0001fc47       0x10 Application/User/SBUS.o
 .debug_macro   0x0001fc57       0x35 Application/User/SBUS.o
 .debug_macro   0x0001fc8c      0x45d Application/User/SBUS.o
 .debug_macro   0x000200e9       0x46 Application/User/SBUS.o
 .debug_macro   0x0002012f      0x143 Application/User/SBUS.o
 .debug_macro   0x00020272       0x10 Application/User/SBUS.o
 .debug_macro   0x00020282      0x3ca Application/User/SBUS.o
 .debug_macro   0x0002064c       0x18 Application/User/SBUS.o
 .debug_macro   0x00020664      0x1da Application/User/SBUS.o
 .debug_macro   0x0002083e      0x3d3 Application/User/SBUS.o
 .debug_macro   0x00020c11      0x323 Application/User/gpio.o
 .debug_macro   0x00020f34      0x8bc Application/User/gpio.o
 .debug_macro   0x000217f0      0xe66 Application/User/gpio.o
 .debug_macro   0x00022656       0x9c Application/User/gpio.o
 .debug_macro   0x000226f2       0x97 Application/User/gpio.o
 .debug_macro   0x00022789      0x330 Application/User/gpio.o
 .debug_macro   0x00022ab9       0xfd Application/User/gpio.o
 .debug_macro   0x00022bb6       0x43 Application/User/gpio.o
 .debug_macro   0x00022bf9      0x3b0 Application/User/main.o
 .debug_macro   0x00022fa9       0x35 Application/User/main.o
 .debug_macro   0x00022fde      0x1e1 Application/User/main.o
 .debug_macro   0x000231bf      0x319 Application/User/stm32f4xx_hal_msp.o
 .debug_macro   0x000234d8      0x323 Application/User/stm32f4xx_it.o
 .debug_macro   0x000237fb      0x323 Application/User/tim.o
 .debug_macro   0x00023b1e      0x32d Application/User/usart.o
 .debug_macro   0x00023e4b      0x3d8 Application/User/wrapper.o
 .debug_macro   0x00024223       0x52 Application/User/wrapper.o
 .debug_macro   0x00024275       0x8d Application/User/wrapper.o
 .debug_macro   0x00024302      0x17b Application/User/wrapper.o
 .debug_macro   0x0002447d       0x57 Application/User/wrapper.o
 .debug_macro   0x000244d4       0x1c Application/User/wrapper.o
 .debug_macro   0x000244f0      0x352 Application/User/xprintf.o
 .debug_macro   0x00024842       0x4c Application/User/xprintf.o
 .debug_macro   0x0002488e      0x31f Drivers/CMSIS/system_stm32f4xx.o
 .debug_macro   0x00024bad      0x379 Drivers/STM32F4xx_HAL_Driver/stm32f4xx_hal.o
 .debug_macro   0x00024f26      0x319 Drivers/STM32F4xx_HAL_Driver/stm32f4xx_hal_cortex.o
 .debug_macro   0x0002523f      0x320 Drivers/STM32F4xx_HAL_Driver/stm32f4xx_hal_dma.o
 .debug_macro   0x0002555f      0x351 Drivers/STM32F4xx_HAL_Driver/stm32f4xx_hal_gpio.o
 .debug_macro   0x000258b0      0x33d Drivers/STM32F4xx_HAL_Driver/stm32f4xx_hal_rcc.o
 .debug_macro   0x00025bed      0x319 Drivers/STM32F4xx_HAL_Driver/stm32f4xx_hal_rcc_ex.o
 .debug_macro   0x00025f06      0x319 Drivers/STM32F4xx_HAL_Driver/stm32f4xx_hal_tim.o
 .debug_macro   0x0002621f      0x319 Drivers/STM32F4xx_HAL_Driver/stm32f4xx_hal_tim_ex.o
 .debug_macro   0x00026538      0x31a Drivers/STM32F4xx_HAL_Driver/stm32f4xx_hal_uart.o

.debug_str      0x00000000    0xcd0ca
 .debug_str     0x00000000    0xc91eb Application/User/SBUS.o
                              0xc972b (size before relaxing)
 .debug_str     0x000c91eb      0x497 Application/User/gpio.o
                              0xc5657 (size before relaxing)
 .debug_str     0x000c9682      0x957 Application/User/main.o
                              0xc7e20 (size before relaxing)
 .debug_str     0x000c9fd9       0x7c Application/User/stm32f4xx_hal_msp.o
                              0xc59d5 (size before relaxing)
 .debug_str     0x000ca055       0xce Application/User/stm32f4xx_it.o
                              0xc5acd (size before relaxing)
 .debug_str     0x000ca123      0x129 Application/User/tim.o
                              0xc6008 (size before relaxing)
 .debug_str     0x000ca24c       0x94 Application/User/usart.o
                              0xc602d (size before relaxing)
 .debug_str     0x000ca2e0       0xda Application/User/wrapper.o
                              0xc9766 (size before relaxing)
 .debug_str     0x000ca3ba      0x18a Application/User/xprintf.o
                              0xc6bb2 (size before relaxing)
 .debug_str     0x000ca544       0xf7 Drivers/CMSIS/system_stm32f4xx.o
                              0xc562d (size before relaxing)
 .debug_str     0x000ca63b      0x598 Drivers/STM32F4xx_HAL_Driver/stm32f4xx_hal.o
                              0xc61dd (size before relaxing)
 .debug_str     0x000cabd3      0x34b Drivers/STM32F4xx_HAL_Driver/stm32f4xx_hal_cortex.o
                              0xc5efa (size before relaxing)
 .debug_str     0x000caf1e      0x355 Drivers/STM32F4xx_HAL_Driver/stm32f4xx_hal_dma.o
                              0xc5a2e (size before relaxing)
 .debug_str     0x000cb273      0x214 Drivers/STM32F4xx_HAL_Driver/stm32f4xx_hal_gpio.o
                              0xc5871 (size before relaxing)
 .debug_str     0x000cb487      0x241 Drivers/STM32F4xx_HAL_Driver/stm32f4xx_hal_rcc.o
                              0xc5a40 (size before relaxing)
 .debug_str     0x000cb6c8      0x35c Drivers/STM32F4xx_HAL_Driver/stm32f4xx_hal_rcc_ex.o
                              0xc5a8f (size before relaxing)
 .debug_str     0x000cba24      0xce0 Drivers/STM32F4xx_HAL_Driver/stm32f4xx_hal_tim.o
                              0xc6654 (size before relaxing)
 .debug_str     0x000cc704      0x4bc Drivers/STM32F4xx_HAL_Driver/stm32f4xx_hal_tim_ex.o
                              0xc5f14 (size before relaxing)
 .debug_str     0x000ccbc0      0x50a Drivers/STM32F4xx_HAL_Driver/stm32f4xx_hal_uart.o
                              0xc5e91 (size before relaxing)

.comment        0x00000000       0x7f
 .comment       0x00000000       0x7f Application/User/SBUS.o
                                 0x80 (size before relaxing)
 .comment       0x0000007f       0x80 Application/User/gpio.o
 .comment       0x0000007f       0x80 Application/User/main.o
 .comment       0x0000007f       0x80 Application/User/stm32f4xx_hal_msp.o
 .comment       0x0000007f       0x80 Application/User/stm32f4xx_it.o
 .comment       0x0000007f       0x80 Application/User/tim.o
 .comment       0x0000007f       0x80 Application/User/usart.o
 .comment       0x0000007f       0x80 Application/User/wrapper.o
 .comment       0x0000007f       0x80 Application/User/xprintf.o
 .comment       0x0000007f       0x80 Drivers/CMSIS/system_stm32f4xx.o
 .comment       0x0000007f       0x80 Drivers/STM32F4xx_HAL_Driver/stm32f4xx_hal.o
 .comment       0x0000007f       0x80 Drivers/STM32F4xx_HAL_Driver/stm32f4xx_hal_cortex.o
 .comment       0x0000007f       0x80 Drivers/STM32F4xx_HAL_Driver/stm32f4xx_hal_dma.o
 .comment       0x0000007f       0x80 Drivers/STM32F4xx_HAL_Driver/stm32f4xx_hal_gpio.o
 .comment       0x0000007f       0x80 Drivers/STM32F4xx_HAL_Driver/stm32f4xx_hal_rcc.o
 .comment       0x0000007f       0x80 Drivers/STM32F4xx_HAL_Driver/stm32f4xx_hal_rcc_ex.o
 .comment       0x0000007f       0x80 Drivers/STM32F4xx_HAL_Driver/stm32f4xx_hal_tim.o
 .comment       0x0000007f       0x80 Drivers/STM32F4xx_HAL_Driver/stm32f4xx_hal_tim_ex.o
 .comment       0x0000007f       0x80 Drivers/STM32F4xx_HAL_Driver/stm32f4xx_hal_uart.o

.debug_frame    0x00000000     0x220c
 .debug_frame   0x00000000      0x170 Application/User/SBUS.o
 .debug_frame   0x00000170       0x30 Application/User/gpio.o
 .debug_frame   0x000001a0       0xc4 Application/User/main.o
 .debug_frame   0x00000264       0x28 Application/User/stm32f4xx_hal_msp.o
 .debug_frame   0x0000028c       0x58 Application/User/stm32f4xx_it.o
 .debug_frame   0x000002e4       0x64 Application/User/tim.o
 .debug_frame   0x00000348       0x78 Application/User/usart.o
 .debug_frame   0x000003c0       0xe4 Application/User/wrapper.o
 .debug_frame   0x000004a4      0x214 Application/User/xprintf.o
 .debug_frame   0x000006b8       0x30 Drivers/CMSIS/system_stm32f4xx.o
 .debug_frame   0x000006e8      0x1cc Drivers/STM32F4xx_HAL_Driver/stm32f4xx_hal.o
 .debug_frame   0x000008b4      0x15c Drivers/STM32F4xx_HAL_Driver/stm32f4xx_hal_cortex.o
 .debug_frame   0x00000a10      0x17c Drivers/STM32F4xx_HAL_Driver/stm32f4xx_hal_dma.o
 .debug_frame   0x00000b8c       0xd0 Drivers/STM32F4xx_HAL_Driver/stm32f4xx_hal_gpio.o
 .debug_frame   0x00000c5c      0x174 Drivers/STM32F4xx_HAL_Driver/stm32f4xx_hal_rcc.o
 .debug_frame   0x00000dd0      0x144 Drivers/STM32F4xx_HAL_Driver/stm32f4xx_hal_rcc_ex.o
 .debug_frame   0x00000f14      0x9e0 Drivers/STM32F4xx_HAL_Driver/stm32f4xx_hal_tim.o
 .debug_frame   0x000018f4      0x384 Drivers/STM32F4xx_HAL_Driver/stm32f4xx_hal_tim_ex.o
 .debug_frame   0x00001c78      0x4e8 Drivers/STM32F4xx_HAL_Driver/stm32f4xx_hal_uart.o
 .debug_frame   0x00002160       0x2c c:/ac6/systemworkbench/plugins/fr.ac6.mcu.externaltools.arm-none.win32_1.15.0.201708311556/tools/compiler/bin/../lib/gcc/arm-none-eabi/6.3.1/thumb/v7e-m/fpv4-sp/hard\libgcc.a(_aeabi_uldivmod.o)
 .debug_frame   0x0000218c       0x20 c:/ac6/systemworkbench/plugins/fr.ac6.mcu.externaltools.arm-none.win32_1.15.0.201708311556/tools/compiler/bin/../lib/gcc/arm-none-eabi/6.3.1/thumb/v7e-m/fpv4-sp/hard\libgcc.a(_clear_cache.o)
 .debug_frame   0x000021ac       0x34 c:/ac6/systemworkbench/plugins/fr.ac6.mcu.externaltools.arm-none.win32_1.15.0.201708311556/tools/compiler/bin/../lib/gcc/arm-none-eabi/6.3.1/thumb/v7e-m/fpv4-sp/hard\libgcc.a(_udivmoddi4.o)
 .debug_frame   0x000021e0       0x2c c:/ac6/systemworkbench/plugins/fr.ac6.mcu.externaltools.arm-none.win32_1.15.0.201708311556/tools/compiler/bin/../lib/gcc/arm-none-eabi/6.3.1/../../../../arm-none-eabi/lib/thumb/v7e-m/fpv4-sp/hard\libc_nano.a(lib_a-init.o)
